// Jest Snapshot v1, https://goo.gl/fbAQLP

exports[`<StamenTerrain /> should render a basic basemap option component 1`] = `
<ContextConsumer>
  <Component />
</ContextConsumer>
`;

exports[`ol-kit package should not export undefined 1`] = `
Object {
  "Compass": [Function],
  "Controls": [Function],
  "Map": [Function],
  "ZoomControls": [Function],
  "connectToMap": [Function],
  "updateMapFromUrl": [Function],
  "updateUrlFromMap": [Function],
}
`;
