// Jest Snapshot v1, https://goo.gl/fbAQLP

exports[`ol-kit package should not export undefined 1`] = `
Object {
  "BasemapManager": [Function],
  "BingMaps": [Function],
  "BlankWhite": [Function],
  "Compass": [Function],
  "Controls": [Function],
  "LayerPanel": [Function],
  "LayerPanelActionExport": [Function],
  "LayerPanelActionExtent": [Function],
  "LayerPanelActionImport": [Function],
  "LayerPanelActionOpacity": [Function],
  "LayerPanelActionRemove": [Function],
  "LayerPanelActions": [Function],
  "LayerPanelBase": [Function],
  "LayerPanelContent": [Function],
  "LayerPanelHeader": [Function],
  "LayerPanelLayersPage": [Function],
  "LayerPanelList": [Function],
  "LayerPanelListItem": [Function],
  "LayerPanelMenu": [Function],
  "LayerPanelPage": [Function],
  "Map": [Function],
  "OpenStreetMap": [Function],
  "Popup": [Function],
  "PopupBase": [Function],
  "PopupDefaultInsert": [Function],
  "StamenTerrain": [Function],
  "StamenTonerDark": [Function],
  "StamenTonerLite": [Function],
  "VectorLayer": [Function],
  "ZoomControls": [Function],
  "centerAndZoom": [Function],
  "connectToMap": [Function],
  "createMap": [Function],
  "createSelectInteraction": [Function],
  "updateMapFromUrl": [Function],
  "updateUrlFromMap": [Function],
}
`;
