// Jest Snapshot v1, https://goo.gl/fbAQLP

exports[`ol-kit package should not export undefined 1`] = `
Object {
  "Compass": [Function],
  "Controls": [Function],
  "Map": [Function],
  "ZoomControls": [Function],
  "connectToMap": [Function],
  "olkitLayerVector": [Function],
  "updateMapFromUrl": [Function],
  "updateUrlFromMap": [Function],
}
`;
