// Jest Snapshot v1, https://goo.gl/fbAQLP

exports[`ol-kit package should not export undefined 1`] = `
Object {
  "BasemapBingMaps": [Function],
  "BasemapBlankWhite": [Function],
  "BasemapContainer": [Function],
  "BasemapManager": [Function],
  "BasemapOpenStreetMap": [Function],
  "BasemapStamenTerrain": [Function],
  "BasemapStamenTonerDark": [Function],
  "BasemapStamenTonerLite": [Function],
  "Compass": [Function],
  "ContextMenu": [Function],
  "ContextMenuCoords": [Function],
  "ContextMenuListItem": [Function],
  "ControlGroup": [Function],
  "ControlGroupButton": [Function],
  "Controls": [Function],
  "CurrentLocation": [Function],
  "Draw": [Function],
  "DrawBox": [Function],
  "DrawCircle": [Function],
  "DrawContainer": [Function],
  "DrawFreehand": [Function],
  "DrawLine": [Function],
  "DrawPin": [Function],
  "DrawPoint": [Function],
  "DrawPolygon": [Function],
  "ErrorBoundary": [Function],
  "FeatureEditor": [Function],
  "FlexMap": [Function],
  "FlexMapStyled": Object {
    "$$typeof": Symbol(react.forward_ref),
    "attrs": Array [],
    "componentStyle": e {
      "baseHash": -620189328,
      "baseStyle": undefined,
      "componentId": "sc-jrQzAO",
      "isStatic": false,
      "rules": Array [
        "
  display: ",
        [Function],
        ";
  width: ",
        [Function],
        ";
  height: ",
        [Function],
        ";
  flex-grow: ",
        [Function],
        ";
  flex-shrink: ",
        [Function],
        ";
  position: relative;
",
      ],
      "staticRulesId": "",
    },
    "displayName": "styled.div",
    "foldedComponentIds": Array [],
    "render": [Function],
    "shouldForwardProp": undefined,
    "styledComponentId": "sc-jrQzAO",
    "target": "div",
    "toString": [Function],
    "warnTooManyClasses": [Function],
    "withComponent": [Function],
  },
  "FullScreenFlex": Object {
    "$$typeof": Symbol(react.forward_ref),
    "attrs": Array [],
    "componentStyle": e {
      "baseHash": 851465943,
      "baseStyle": undefined,
      "componentId": "sc-kDTinF",
      "isStatic": false,
      "rules": Array [
        "
  position: absolute;
  width: 100%;
  height: 100%;
  overflow-x: hidden;
  overflow-y: hidden;
  flex-direction: row;
  flex-wrap: wrap;
  align-items: stretch;
  align-content: stretch;
  display: flex;
",
      ],
      "staticRulesId": "",
    },
    "displayName": "styled.div",
    "foldedComponentIds": Array [],
    "render": [Function],
    "shouldForwardProp": undefined,
    "styledComponentId": "sc-kDTinF",
    "target": "div",
    "toString": [Function],
    "warnTooManyClasses": [Function],
    "withComponent": [Function],
  },
  "GoogleDirections": [Function],
  "GooglePlacesSearch": [Function],
  "HeatmapControls": [Function],
  "LayerPanel": [Function],
  "LayerPanelActionDuplicate": [Function],
  "LayerPanelActionExport": [Function],
  "LayerPanelActionExtent": [Function],
  "LayerPanelActionHeatmap": [Function],
  "LayerPanelActionImport": [Function],
  "LayerPanelActionMerge": [Function],
  "LayerPanelActionMergeFeatures": [Function],
  "LayerPanelActionOpacity": [Function],
  "LayerPanelActionRemove": [Function],
  "LayerPanelActions": [Function],
  "LayerPanelBase": [Function],
  "LayerPanelCheckbox": [Function],
  "LayerPanelContent": [Function],
  "LayerPanelHeader": [Function],
  "LayerPanelLayersPage": [Function],
  "LayerPanelList": [Function],
  "LayerPanelListItem": [Function],
  "LayerPanelMenu": [Function],
  "LayerPanelPage": [Function],
  "LayerStyler": [Function],
  "Logo": Object {
    "$$typeof": Symbol(react.forward_ref),
    "attrs": Array [
      [Function],
    ],
    "componentStyle": e {
      "baseHash": -658045346,
      "baseStyle": undefined,
      "componentId": "sc-crHmcD",
      "isStatic": false,
      "rules": Array [
        "
  width: 15px;
  height: 15px;
  padding: 2px;
  cursor: pointer;
",
      ],
      "staticRulesId": "",
    },
    "displayName": "styled.a",
    "foldedComponentIds": Array [],
    "render": [Function],
    "shouldForwardProp": undefined,
    "styledComponentId": "sc-crHmcD",
    "target": "a",
    "toString": [Function],
    "warnTooManyClasses": [Function],
    "withComponent": [Function],
  },
  "LogoContainer": Object {
    "$$typeof": Symbol(react.forward_ref),
    "attrs": Array [],
    "componentStyle": e {
      "baseHash": 1287171908,
      "baseStyle": undefined,
      "componentId": "sc-iqseJM",
      "isStatic": false,
      "rules": Array [
        "
  width: 100%;
  position: absolute;
  display: flex;
  justify-content: ",
        [Function],
        ";
  align-items: flex-end;
  bottom: 1px;
  z-index: 1;
",
      ],
      "staticRulesId": "",
    },
    "displayName": "styled.div",
    "foldedComponentIds": Array [],
    "render": [Function],
    "shouldForwardProp": undefined,
    "styledComponentId": "sc-iqseJM",
    "target": "div",
    "toString": [Function],
    "warnTooManyClasses": [Function],
    "withComponent": [Function],
  },
  "LogoText": Object {
    "$$typeof": Symbol(react.forward_ref),
    "attrs": Array [],
    "componentStyle": e {
      "baseHash": -225017612,
      "baseStyle": undefined,
      "componentId": "sc-egiyK",
      "isStatic": false,
      "rules": Array [
        "
  font-size: 11px;
  font-family: Roboto,Arial,sans-serif;
  padding-left: 2px;
  margin: 0px;
",
      ],
      "staticRulesId": "",
    },
    "displayName": "styled.p",
    "foldedComponentIds": Array [],
    "render": [Function],
    "shouldForwardProp": undefined,
    "styledComponentId": "sc-egiyK",
    "target": "p",
    "toString": [Function],
    "warnTooManyClasses": [Function],
    "withComponent": [Function],
  },
  "Map": [Function],
  "MapLogo": [Function],
  "MultiMapContext": null,
  "MultiMapManager": [Function],
  "Popup": [Function],
  "PopupActionCopyWkt": [Function],
  "PopupActionEdit": [Function],
  "PopupActionGoogleMaps": [Function],
  "PopupActionGroup": [Function],
  "PopupActionItem": [Function],
  "PopupActionLink": [Function],
  "PopupBase": [Function],
  "PopupDataList": [Function],
  "PopupDefaultInsert": [Function],
  "PopupDefaultPage": [Function],
  "PopupPageLayout": [Function],
  "PopupPageLayoutChild": [Function],
  "PopupTabs": [Function],
  "Preferences": [Function],
  "ProjectMenu": [Function],
  "Provider": [Function],
  "ProviderContext": null,
  "SafeParent": [Function],
  "ScaleLine": [Function],
  "Snackbar": [Function],
  "SplitScreen": [Function],
  "StyledMap": Object {
    "$$typeof": Symbol(react.forward_ref),
    "attrs": Array [
      [Function],
    ],
    "componentStyle": e {
      "baseHash": -22428885,
      "baseStyle": undefined,
      "componentId": "sc-bqiRlB",
      "isStatic": false,
      "rules": Array [
        "
  height: 100%;
  width: 100%;
  position: ",
        [Function],
        ";
  top: 0;
  bottom: 0;
  left: 0;
  right: 0;
  ",
        [Function],
        ";
",
      ],
      "staticRulesId": "",
    },
    "displayName": "styled.div",
    "foldedComponentIds": Array [],
    "render": [Function],
    "shouldForwardProp": undefined,
    "styledComponentId": "sc-bqiRlB",
    "target": "div",
    "toString": [Function],
    "warnTooManyClasses": [Function],
    "withComponent": [Function],
  },
  "SyncableMap": [Function],
  "TabbedPanel": [Function],
  "TabbedPanelPage": [Function],
  "TimeSlider": [Function],
  "TimeSliderBase": [Function],
  "Translate": [Function],
  "VectorLayer": [Function],
  "VectorTileLayer": [Function],
  "ZoomControls": [Function],
  "ZoomIn": [Function],
  "ZoomOut": [Function],
  "addHeatmapLayer": [Function],
  "addMovementListener": [Function],
  "addSelectInteraction": [Function],
  "addVectorLayer": [Function],
  "calculateViewPadding": [Function],
  "centerAndZoom": [Function],
  "connectToContext": [Function],
  "convertFeatureToWkt": [Function],
  "convertSvgToPDFTemplate": [Function],
  "convertXYtoLatLong": [Function],
  "copyTextToClipboard": [Function],
  "copyWktToClipbard": [Function],
  "createMap": [Function],
  "createProject": [Function],
  "createSelectInteraction": [Function],
  "exportFeatures": [Function],
  "getExtentForFeatures": [Function],
  "getLayersAndFeaturesForEvent": [Function],
  "getPixelValue": [Function],
  "getPopupPositionFromFeatures": [Function],
  "getSelectInteraction": [Function],
  "getStyledFeatures": [Function],
  "getVertices": [Function],
  "loadBasemapLayer": [Function],
  "loadDataLayer": [Function],
  "loadProject": [Function],
  "mapChangeHandler": [Function],
  "pointsFromVertices": [Function],
  "printPDFTemplate": [Function],
  "removeMovementListener": [Function],
  "replaceZoomBoxCSS": [Function],
  "sanitizeProperties": [Function],
  "setMapExtent": [Function],
  "styleText": [Function],
  "syncViewEvents": [Function],
  "updateMapFromUrl": [Function],
  "updateUrlFromMap": [Function],
}
`;
