// Jest Snapshot v1, https://goo.gl/fbAQLP

exports[`<Draw /> should render a basic Draw component 1`] = `
<Component>
  <Draw
    drawOpts={Object {}}
    getStyledFeaturesFunction={[Function]}
    onDrawBegin={[Function]}
    onDrawCancel={[Function]}
    onDrawFinish={[Function]}
    onInteractionAdded={[Function]}
    snap={true}
    snapOpts={Object {}}
    source={
      _ol_source_Vector_ {
        "attributions2_": null,
        "attributions_": null,
        "dispatching_": Object {},
        "featureChangeKeys_": Object {},
        "featuresCollection_": null,
        "featuresRtree_": _ol_structs_RBush_ {
          "items_": Object {},
          "rbush_": Object {
            "children": Array [],
            "height": 1,
            "leaf": true,
            "maxX": -Infinity,
            "maxY": -Infinity,
            "minX": Infinity,
            "minY": Infinity,
          },
        },
        "format_": undefined,
        "idIndex_": Object {},
        "listeners_": Object {},
        "loadedExtentsRtree_": _ol_structs_RBush_ {
          "items_": Object {},
          "rbush_": Object {
            "children": Array [],
            "height": 1,
            "leaf": true,
            "maxX": -Infinity,
            "maxY": -Infinity,
            "minX": Infinity,
            "minY": Infinity,
          },
        },
        "loader_": [Function],
        "logo_": undefined,
        "nullGeometryFeatures_": Object {},
        "ol_uid": 1,
        "overlaps_": true,
        "pendingRemovals_": Object {},
        "projection_": null,
        "revision_": 0,
        "state_": "ready",
        "strategy_": [Function],
        "undefIdIndex_": Object {},
        "url_": undefined,
        "values_": Object {},
        "wrapX_": true,
      }
    }
    translations={
      Object {
        "Measurement.area": "Area: ",
        "Measurement.distance": "Distance: ",
        "draw.boxTooltip": "tooltip",
        "draw.circleTooltip": "tooltip",
        "draw.freehandTooltip": "tooltip",
        "draw.lineTooltip": "tooltip",
        "draw.pointTooltip": "tooltip",
        "draw.polygonTooltip": "tooltip",
        "units.acres": "Acres",
        "units.feet": "Feet",
        "units.hectares": "Hectares",
        "units.kilometers": "Kilometers",
        "units.meters": "Meters",
        "units.miles": "Miles",
        "units.yards": "Yards",
      }
    }
  >
    <WithStyles(WithStyles(ForwardRef(Container)))>
      <WithStyles(ForwardRef(Container))
        classes={
          Object {
            "root": "WithStyles(ForwardRef(Container))-root-1",
          }
        }
      >
        <ForwardRef(Container)
          classes={
            Object {
              "disableGutters": "MuiContainer-disableGutters",
              "fixed": "MuiContainer-fixed",
              "maxWidthLg": "MuiContainer-maxWidthLg",
              "maxWidthMd": "MuiContainer-maxWidthMd",
              "maxWidthSm": "MuiContainer-maxWidthSm",
              "maxWidthXl": "MuiContainer-maxWidthXl",
              "maxWidthXs": "MuiContainer-maxWidthXs",
              "root": "MuiContainer-root WithStyles(ForwardRef(Container))-root-1",
            }
          }
        >
          <div
            className="MuiContainer-root WithStyles(ForwardRef(Container))-root-1 MuiContainer-maxWidthLg"
          >
            <WithStyles(WithStyles(ForwardRef(Container)))>
              <WithStyles(ForwardRef(Container))
                classes={
                  Object {
                    "root": "WithStyles(ForwardRef(Container))-root-10",
                  }
                }
              >
                <ForwardRef(Container)
                  classes={
                    Object {
                      "disableGutters": "MuiContainer-disableGutters",
                      "fixed": "MuiContainer-fixed",
                      "maxWidthLg": "MuiContainer-maxWidthLg",
                      "maxWidthMd": "MuiContainer-maxWidthMd",
                      "maxWidthSm": "MuiContainer-maxWidthSm",
                      "maxWidthXl": "MuiContainer-maxWidthXl",
                      "maxWidthXs": "MuiContainer-maxWidthXs",
                      "root": "MuiContainer-root WithStyles(ForwardRef(Container))-root-10",
                    }
                  }
                >
                  <div
                    className="MuiContainer-root WithStyles(ForwardRef(Container))-root-10 MuiContainer-maxWidthLg"
                  >
                    <Point
                      addInteraction={[Function]}
                      tooltipTitle="tooltip"
                      type=""
                    >
                      <WithStyles(WithStyles(ForwardRef(Tooltip)))
                        title="tooltip"
                      >
                        <WithStyles(ForwardRef(Tooltip))
                          classes={
                            Object {
                              "tooltip": "WithStyles(ForwardRef(Tooltip))-tooltip-11",
                            }
                          }
                          title="tooltip"
                        >
                          <ForwardRef(Tooltip)
                            classes={
                              Object {
                                "arrow": "MuiTooltip-arrow",
                                "popper": "MuiTooltip-popper",
                                "popperArrow": "MuiTooltip-popperArrow",
                                "popperInteractive": "MuiTooltip-popperInteractive",
                                "tooltip": "MuiTooltip-tooltip WithStyles(ForwardRef(Tooltip))-tooltip-11",
                                "tooltipArrow": "MuiTooltip-tooltipArrow",
                                "tooltipPlacementBottom": "MuiTooltip-tooltipPlacementBottom",
                                "tooltipPlacementLeft": "MuiTooltip-tooltipPlacementLeft",
                                "tooltipPlacementRight": "MuiTooltip-tooltipPlacementRight",
                                "tooltipPlacementTop": "MuiTooltip-tooltipPlacementTop",
                                "touch": "MuiTooltip-touch",
                              }
                            }
                            title="tooltip"
                          >
                            <WithStyles(WithStyles(ForwardRef(IconButton)))
                              aria-describedby={null}
                              className=""
                              onBlur={[Function]}
                              onClick={[Function]}
                              onFocus={[Function]}
                              onMouseLeave={[Function]}
                              onMouseOver={[Function]}
                              onTouchEnd={[Function]}
                              onTouchStart={[Function]}
                              size="small"
                              title="tooltip"
                            >
                              <WithStyles(ForwardRef(IconButton))
                                aria-describedby={null}
                                className=""
                                classes={
                                  Object {
                                    "root": "WithStyles(ForwardRef(IconButton))-root-23",
                                  }
                                }
                                onBlur={[Function]}
                                onClick={[Function]}
                                onFocus={[Function]}
                                onMouseLeave={[Function]}
                                onMouseOver={[Function]}
                                onTouchEnd={[Function]}
                                onTouchStart={[Function]}
                                size="small"
                                title="tooltip"
                              >
                                <ForwardRef(IconButton)
                                  aria-describedby={null}
                                  className=""
                                  classes={
                                    Object {
                                      "colorInherit": "MuiIconButton-colorInherit",
                                      "colorPrimary": "MuiIconButton-colorPrimary",
                                      "colorSecondary": "MuiIconButton-colorSecondary",
                                      "disabled": "Mui-disabled",
                                      "edgeEnd": "MuiIconButton-edgeEnd",
                                      "edgeStart": "MuiIconButton-edgeStart",
                                      "label": "MuiIconButton-label",
                                      "root": "MuiIconButton-root WithStyles(ForwardRef(IconButton))-root-23",
                                      "sizeSmall": "MuiIconButton-sizeSmall",
                                    }
                                  }
                                  onBlur={[Function]}
                                  onClick={[Function]}
                                  onFocus={[Function]}
                                  onMouseLeave={[Function]}
                                  onMouseOver={[Function]}
                                  onTouchEnd={[Function]}
                                  onTouchStart={[Function]}
                                  size="small"
                                  title="tooltip"
                                >
                                  <WithStyles(ForwardRef(ButtonBase))
                                    aria-describedby={null}
                                    centerRipple={true}
                                    className="MuiIconButton-root WithStyles(ForwardRef(IconButton))-root-23 MuiIconButton-sizeSmall"
                                    disabled={false}
                                    focusRipple={true}
                                    onBlur={[Function]}
                                    onClick={[Function]}
                                    onFocus={[Function]}
                                    onMouseLeave={[Function]}
                                    onMouseOver={[Function]}
                                    onTouchEnd={[Function]}
                                    onTouchStart={[Function]}
                                    title="tooltip"
                                  >
                                    <ForwardRef(ButtonBase)
                                      aria-describedby={null}
                                      centerRipple={true}
                                      className="MuiIconButton-root WithStyles(ForwardRef(IconButton))-root-23 MuiIconButton-sizeSmall"
                                      classes={
                                        Object {
                                          "disabled": "Mui-disabled",
                                          "focusVisible": "Mui-focusVisible",
                                          "root": "MuiButtonBase-root",
                                        }
                                      }
                                      disabled={false}
                                      focusRipple={true}
                                      onBlur={[Function]}
                                      onClick={[Function]}
                                      onFocus={[Function]}
                                      onMouseLeave={[Function]}
                                      onMouseOver={[Function]}
                                      onTouchEnd={[Function]}
                                      onTouchStart={[Function]}
                                      title="tooltip"
                                    >
                                      <button
                                        aria-describedby={null}
                                        className="MuiButtonBase-root MuiIconButton-root WithStyles(ForwardRef(IconButton))-root-23 MuiIconButton-sizeSmall"
                                        disabled={false}
                                        onBlur={[Function]}
                                        onClick={[Function]}
                                        onDragLeave={[Function]}
                                        onFocus={[Function]}
                                        onKeyDown={[Function]}
                                        onKeyUp={[Function]}
                                        onMouseDown={[Function]}
                                        onMouseLeave={[Function]}
                                        onMouseOver={[Function]}
                                        onMouseUp={[Function]}
                                        onTouchEnd={[Function]}
                                        onTouchMove={[Function]}
                                        onTouchStart={[Function]}
                                        tabIndex={0}
                                        title="tooltip"
                                        type="button"
                                      >
                                        <span
                                          className="MuiIconButton-label"
                                        >
                                          <Icon
                                            color="#656565"
                                            horizontal={false}
                                            path="M12,2A10,10 0 0,0 2,12A10,10 0 0,0 12,22A10,10 0 0,0 22,12A10,10 0 0,0 12,2Z"
                                            rotate={0}
                                            size={0.5}
                                            spin={false}
                                            vertical={false}
                                          >
                                            <svg
                                              role="presentation"
                                              style={
                                                Object {
                                                  "height": "0.75rem",
                                                  "width": "0.75rem",
                                                }
                                              }
                                              viewBox="0 0 24 24"
                                            >
                                              <path
                                                d="M12,2A10,10 0 0,0 2,12A10,10 0 0,0 12,22A10,10 0 0,0 22,12A10,10 0 0,0 12,2Z"
                                                style={
                                                  Object {
                                                    "fill": "#656565",
                                                  }
                                                }
                                              />
                                            </svg>
                                          </Icon>
                                        </span>
                                        <NoSsr>
                                          <WithStyles(undefined)
                                            center={true}
                                          >
                                            <ForwardRef(TouchRipple)
                                              center={true}
                                              classes={
                                                Object {
                                                  "child": "MuiTouchRipple-child",
                                                  "childLeaving": "MuiTouchRipple-childLeaving",
                                                  "childPulsate": "MuiTouchRipple-childPulsate",
                                                  "ripple": "MuiTouchRipple-ripple",
                                                  "ripplePulsate": "MuiTouchRipple-ripplePulsate",
                                                  "rippleVisible": "MuiTouchRipple-rippleVisible",
                                                  "root": "MuiTouchRipple-root",
                                                }
                                              }
                                            >
                                              <span
                                                className="MuiTouchRipple-root"
                                              >
                                                <TransitionGroup
                                                  childFactory={[Function]}
                                                  component={null}
                                                  exit={true}
                                                />
                                              </span>
                                            </ForwardRef(TouchRipple)>
                                          </WithStyles(undefined)>
                                        </NoSsr>
                                      </button>
                                    </ForwardRef(ButtonBase)>
                                  </WithStyles(ForwardRef(ButtonBase))>
                                </ForwardRef(IconButton)>
                              </WithStyles(ForwardRef(IconButton))>
                            </WithStyles(WithStyles(ForwardRef(IconButton)))>
                            <ForwardRef(Popper)
                              anchorEl={
                                <button
                                  class="MuiButtonBase-root MuiIconButton-root WithStyles(ForwardRef(IconButton))-root-23 MuiIconButton-sizeSmall"
                                  tabindex="0"
                                  title="tooltip"
                                  type="button"
                                >
                                  <span
                                    class="MuiIconButton-label"
                                  >
                                    <svg
                                      role="presentation"
                                      style="width: 0.75rem; height: 0.75rem;"
                                      viewBox="0 0 24 24"
                                    >
                                      <path
                                        d="M12,2A10,10 0 0,0 2,12A10,10 0 0,0 12,22A10,10 0 0,0 22,12A10,10 0 0,0 12,2Z"
                                        style="fill: #656565;"
                                      />
                                    </svg>
                                  </span>
                                  <span
                                    class="MuiTouchRipple-root"
                                  />
                                </button>
                              }
                              className="MuiTooltip-popper"
                              id={null}
                              open={false}
                              placement="bottom"
                              popperOptions={
                                Object {
                                  "modifiers": Object {
                                    "arrow": Object {
                                      "element": null,
                                      "enabled": false,
                                    },
                                  },
                                }
                              }
                              transition={true}
                            />
                          </ForwardRef(Tooltip)>
                        </WithStyles(ForwardRef(Tooltip))>
                      </WithStyles(WithStyles(ForwardRef(Tooltip)))>
                    </Point>
                    <Line
                      addInteraction={[Function]}
                      freehand={false}
                      tooltipTitle="tooltip"
                      type=""
                    >
                      <WithStyles(WithStyles(ForwardRef(Tooltip)))
                        title="tooltip"
                      >
                        <WithStyles(ForwardRef(Tooltip))
                          classes={
                            Object {
                              "tooltip": "WithStyles(ForwardRef(Tooltip))-tooltip-11",
                            }
                          }
                          title="tooltip"
                        >
                          <ForwardRef(Tooltip)
                            classes={
                              Object {
                                "arrow": "MuiTooltip-arrow",
                                "popper": "MuiTooltip-popper",
                                "popperArrow": "MuiTooltip-popperArrow",
                                "popperInteractive": "MuiTooltip-popperInteractive",
                                "tooltip": "MuiTooltip-tooltip WithStyles(ForwardRef(Tooltip))-tooltip-11",
                                "tooltipArrow": "MuiTooltip-tooltipArrow",
                                "tooltipPlacementBottom": "MuiTooltip-tooltipPlacementBottom",
                                "tooltipPlacementLeft": "MuiTooltip-tooltipPlacementLeft",
                                "tooltipPlacementRight": "MuiTooltip-tooltipPlacementRight",
                                "tooltipPlacementTop": "MuiTooltip-tooltipPlacementTop",
                                "touch": "MuiTooltip-touch",
                              }
                            }
                            title="tooltip"
                          >
                            <WithStyles(WithStyles(ForwardRef(IconButton)))
                              aria-describedby={null}
                              className=""
                              onBlur={[Function]}
                              onClick={[Function]}
                              onFocus={[Function]}
                              onMouseLeave={[Function]}
                              onMouseOver={[Function]}
                              onTouchEnd={[Function]}
                              onTouchStart={[Function]}
                              size="small"
                              title="tooltip"
                            >
                              <WithStyles(ForwardRef(IconButton))
                                aria-describedby={null}
                                className=""
                                classes={
                                  Object {
                                    "root": "WithStyles(ForwardRef(IconButton))-root-23",
                                  }
                                }
                                onBlur={[Function]}
                                onClick={[Function]}
                                onFocus={[Function]}
                                onMouseLeave={[Function]}
                                onMouseOver={[Function]}
                                onTouchEnd={[Function]}
                                onTouchStart={[Function]}
                                size="small"
                                title="tooltip"
                              >
                                <ForwardRef(IconButton)
                                  aria-describedby={null}
                                  className=""
                                  classes={
                                    Object {
                                      "colorInherit": "MuiIconButton-colorInherit",
                                      "colorPrimary": "MuiIconButton-colorPrimary",
                                      "colorSecondary": "MuiIconButton-colorSecondary",
                                      "disabled": "Mui-disabled",
                                      "edgeEnd": "MuiIconButton-edgeEnd",
                                      "edgeStart": "MuiIconButton-edgeStart",
                                      "label": "MuiIconButton-label",
                                      "root": "MuiIconButton-root WithStyles(ForwardRef(IconButton))-root-23",
                                      "sizeSmall": "MuiIconButton-sizeSmall",
                                    }
                                  }
                                  onBlur={[Function]}
                                  onClick={[Function]}
                                  onFocus={[Function]}
                                  onMouseLeave={[Function]}
                                  onMouseOver={[Function]}
                                  onTouchEnd={[Function]}
                                  onTouchStart={[Function]}
                                  size="small"
                                  title="tooltip"
                                >
                                  <WithStyles(ForwardRef(ButtonBase))
                                    aria-describedby={null}
                                    centerRipple={true}
                                    className="MuiIconButton-root WithStyles(ForwardRef(IconButton))-root-23 MuiIconButton-sizeSmall"
                                    disabled={false}
                                    focusRipple={true}
                                    onBlur={[Function]}
                                    onClick={[Function]}
                                    onFocus={[Function]}
                                    onMouseLeave={[Function]}
                                    onMouseOver={[Function]}
                                    onTouchEnd={[Function]}
                                    onTouchStart={[Function]}
                                    title="tooltip"
                                  >
                                    <ForwardRef(ButtonBase)
                                      aria-describedby={null}
                                      centerRipple={true}
                                      className="MuiIconButton-root WithStyles(ForwardRef(IconButton))-root-23 MuiIconButton-sizeSmall"
                                      classes={
                                        Object {
                                          "disabled": "Mui-disabled",
                                          "focusVisible": "Mui-focusVisible",
                                          "root": "MuiButtonBase-root",
                                        }
                                      }
                                      disabled={false}
                                      focusRipple={true}
                                      onBlur={[Function]}
                                      onClick={[Function]}
                                      onFocus={[Function]}
                                      onMouseLeave={[Function]}
                                      onMouseOver={[Function]}
                                      onTouchEnd={[Function]}
                                      onTouchStart={[Function]}
                                      title="tooltip"
                                    >
                                      <button
                                        aria-describedby={null}
                                        className="MuiButtonBase-root MuiIconButton-root WithStyles(ForwardRef(IconButton))-root-23 MuiIconButton-sizeSmall"
                                        disabled={false}
                                        onBlur={[Function]}
                                        onClick={[Function]}
                                        onDragLeave={[Function]}
                                        onFocus={[Function]}
                                        onKeyDown={[Function]}
                                        onKeyUp={[Function]}
                                        onMouseDown={[Function]}
                                        onMouseLeave={[Function]}
                                        onMouseOver={[Function]}
                                        onMouseUp={[Function]}
                                        onTouchEnd={[Function]}
                                        onTouchMove={[Function]}
                                        onTouchStart={[Function]}
                                        tabIndex={0}
                                        title="tooltip"
                                        type="button"
                                      >
                                        <span
                                          className="MuiIconButton-label"
                                        >
                                          <Icon
                                            color="#656565"
                                            horizontal={false}
                                            path="M19,13H5V11H19V13Z"
                                            rotate={30}
                                            size={1.35}
                                            spin={false}
                                            vertical={false}
                                          >
                                            <svg
                                              role="presentation"
                                              style={
                                                Object {
                                                  "height": "2.0250000000000004rem",
                                                  "transform": "rotate(30deg)",
                                                  "transformOrigin": "center",
                                                  "width": "2.0250000000000004rem",
                                                }
                                              }
                                              viewBox="0 0 24 24"
                                            >
                                              <path
                                                d="M19,13H5V11H19V13Z"
                                                style={
                                                  Object {
                                                    "fill": "#656565",
                                                  }
                                                }
                                              />
                                            </svg>
                                          </Icon>
                                        </span>
                                        <NoSsr>
                                          <WithStyles(undefined)
                                            center={true}
                                          >
                                            <ForwardRef(TouchRipple)
                                              center={true}
                                              classes={
                                                Object {
                                                  "child": "MuiTouchRipple-child",
                                                  "childLeaving": "MuiTouchRipple-childLeaving",
                                                  "childPulsate": "MuiTouchRipple-childPulsate",
                                                  "ripple": "MuiTouchRipple-ripple",
                                                  "ripplePulsate": "MuiTouchRipple-ripplePulsate",
                                                  "rippleVisible": "MuiTouchRipple-rippleVisible",
                                                  "root": "MuiTouchRipple-root",
                                                }
                                              }
                                            >
                                              <span
                                                className="MuiTouchRipple-root"
                                              >
                                                <TransitionGroup
                                                  childFactory={[Function]}
                                                  component={null}
                                                  exit={true}
                                                />
                                              </span>
                                            </ForwardRef(TouchRipple)>
                                          </WithStyles(undefined)>
                                        </NoSsr>
                                      </button>
                                    </ForwardRef(ButtonBase)>
                                  </WithStyles(ForwardRef(ButtonBase))>
                                </ForwardRef(IconButton)>
                              </WithStyles(ForwardRef(IconButton))>
                            </WithStyles(WithStyles(ForwardRef(IconButton)))>
                            <ForwardRef(Popper)
                              anchorEl={
                                <button
                                  class="MuiButtonBase-root MuiIconButton-root WithStyles(ForwardRef(IconButton))-root-23 MuiIconButton-sizeSmall"
                                  tabindex="0"
                                  title="tooltip"
                                  type="button"
                                >
                                  <span
                                    class="MuiIconButton-label"
                                  >
                                    <svg
                                      role="presentation"
                                      style="width: 2.0250000000000004rem; height: 2.0250000000000004rem; transform: rotate(30deg); transform-origin: center;"
                                      viewBox="0 0 24 24"
                                    >
                                      <path
                                        d="M19,13H5V11H19V13Z"
                                        style="fill: #656565;"
                                      />
                                    </svg>
                                  </span>
                                  <span
                                    class="MuiTouchRipple-root"
                                  />
                                </button>
                              }
                              className="MuiTooltip-popper"
                              id={null}
                              open={false}
                              placement="bottom"
                              popperOptions={
                                Object {
                                  "modifiers": Object {
                                    "arrow": Object {
                                      "element": null,
                                      "enabled": false,
                                    },
                                  },
                                }
                              }
                              transition={true}
                            />
                          </ForwardRef(Tooltip)>
                        </WithStyles(ForwardRef(Tooltip))>
                      </WithStyles(WithStyles(ForwardRef(Tooltip)))>
                    </Line>
                    <Polygon
                      addInteraction={[Function]}
                      tooltipTitle="tooltip"
                      type=""
                    >
                      <WithStyles(WithStyles(ForwardRef(Tooltip)))
                        title="tooltip"
                      >
                        <WithStyles(ForwardRef(Tooltip))
                          classes={
                            Object {
                              "tooltip": "WithStyles(ForwardRef(Tooltip))-tooltip-11",
                            }
                          }
                          title="tooltip"
                        >
                          <ForwardRef(Tooltip)
                            classes={
                              Object {
                                "arrow": "MuiTooltip-arrow",
                                "popper": "MuiTooltip-popper",
                                "popperArrow": "MuiTooltip-popperArrow",
                                "popperInteractive": "MuiTooltip-popperInteractive",
                                "tooltip": "MuiTooltip-tooltip WithStyles(ForwardRef(Tooltip))-tooltip-11",
                                "tooltipArrow": "MuiTooltip-tooltipArrow",
                                "tooltipPlacementBottom": "MuiTooltip-tooltipPlacementBottom",
                                "tooltipPlacementLeft": "MuiTooltip-tooltipPlacementLeft",
                                "tooltipPlacementRight": "MuiTooltip-tooltipPlacementRight",
                                "tooltipPlacementTop": "MuiTooltip-tooltipPlacementTop",
                                "touch": "MuiTooltip-touch",
                              }
                            }
                            title="tooltip"
                          >
                            <WithStyles(WithStyles(ForwardRef(IconButton)))
                              aria-describedby={null}
                              className=""
                              onBlur={[Function]}
                              onClick={[Function]}
                              onFocus={[Function]}
                              onMouseLeave={[Function]}
                              onMouseOver={[Function]}
                              onTouchEnd={[Function]}
                              onTouchStart={[Function]}
                              size="small"
                              title="tooltip"
                            >
                              <WithStyles(ForwardRef(IconButton))
                                aria-describedby={null}
                                className=""
                                classes={
                                  Object {
                                    "root": "WithStyles(ForwardRef(IconButton))-root-23",
                                  }
                                }
                                onBlur={[Function]}
                                onClick={[Function]}
                                onFocus={[Function]}
                                onMouseLeave={[Function]}
                                onMouseOver={[Function]}
                                onTouchEnd={[Function]}
                                onTouchStart={[Function]}
                                size="small"
                                title="tooltip"
                              >
                                <ForwardRef(IconButton)
                                  aria-describedby={null}
                                  className=""
                                  classes={
                                    Object {
                                      "colorInherit": "MuiIconButton-colorInherit",
                                      "colorPrimary": "MuiIconButton-colorPrimary",
                                      "colorSecondary": "MuiIconButton-colorSecondary",
                                      "disabled": "Mui-disabled",
                                      "edgeEnd": "MuiIconButton-edgeEnd",
                                      "edgeStart": "MuiIconButton-edgeStart",
                                      "label": "MuiIconButton-label",
                                      "root": "MuiIconButton-root WithStyles(ForwardRef(IconButton))-root-23",
                                      "sizeSmall": "MuiIconButton-sizeSmall",
                                    }
                                  }
                                  onBlur={[Function]}
                                  onClick={[Function]}
                                  onFocus={[Function]}
                                  onMouseLeave={[Function]}
                                  onMouseOver={[Function]}
                                  onTouchEnd={[Function]}
                                  onTouchStart={[Function]}
                                  size="small"
                                  title="tooltip"
                                >
                                  <WithStyles(ForwardRef(ButtonBase))
                                    aria-describedby={null}
                                    centerRipple={true}
                                    className="MuiIconButton-root WithStyles(ForwardRef(IconButton))-root-23 MuiIconButton-sizeSmall"
                                    disabled={false}
                                    focusRipple={true}
                                    onBlur={[Function]}
                                    onClick={[Function]}
                                    onFocus={[Function]}
                                    onMouseLeave={[Function]}
                                    onMouseOver={[Function]}
                                    onTouchEnd={[Function]}
                                    onTouchStart={[Function]}
                                    title="tooltip"
                                  >
                                    <ForwardRef(ButtonBase)
                                      aria-describedby={null}
                                      centerRipple={true}
                                      className="MuiIconButton-root WithStyles(ForwardRef(IconButton))-root-23 MuiIconButton-sizeSmall"
                                      classes={
                                        Object {
                                          "disabled": "Mui-disabled",
                                          "focusVisible": "Mui-focusVisible",
                                          "root": "MuiButtonBase-root",
                                        }
                                      }
                                      disabled={false}
                                      focusRipple={true}
                                      onBlur={[Function]}
                                      onClick={[Function]}
                                      onFocus={[Function]}
                                      onMouseLeave={[Function]}
                                      onMouseOver={[Function]}
                                      onTouchEnd={[Function]}
                                      onTouchStart={[Function]}
                                      title="tooltip"
                                    >
                                      <button
                                        aria-describedby={null}
                                        className="MuiButtonBase-root MuiIconButton-root WithStyles(ForwardRef(IconButton))-root-23 MuiIconButton-sizeSmall"
                                        disabled={false}
                                        onBlur={[Function]}
                                        onClick={[Function]}
                                        onDragLeave={[Function]}
                                        onFocus={[Function]}
                                        onKeyDown={[Function]}
                                        onKeyUp={[Function]}
                                        onMouseDown={[Function]}
                                        onMouseLeave={[Function]}
                                        onMouseOver={[Function]}
                                        onMouseUp={[Function]}
                                        onTouchEnd={[Function]}
                                        onTouchMove={[Function]}
                                        onTouchStart={[Function]}
                                        tabIndex={0}
                                        title="tooltip"
                                        type="button"
                                      >
                                        <span
                                          className="MuiIconButton-label"
                                        >
                                          <Icon
                                            color="#656565"
                                            horizontal={false}
                                            path="M12,5L19.6,10.5L16.7,19.4H7.3L4.4,10.5L12,5M12,2.5L2,9.8L5.8,21.5H18.1L22,9.8L12,2.5Z"
                                            rotate={0}
                                            size={1}
                                            spin={false}
                                            vertical={false}
                                          >
                                            <svg
                                              role="presentation"
                                              style={
                                                Object {
                                                  "height": "1.5rem",
                                                  "width": "1.5rem",
                                                }
                                              }
                                              viewBox="0 0 24 24"
                                            >
                                              <path
                                                d="M12,5L19.6,10.5L16.7,19.4H7.3L4.4,10.5L12,5M12,2.5L2,9.8L5.8,21.5H18.1L22,9.8L12,2.5Z"
                                                style={
                                                  Object {
                                                    "fill": "#656565",
                                                  }
                                                }
                                              />
                                            </svg>
                                          </Icon>
                                        </span>
                                        <NoSsr>
                                          <WithStyles(undefined)
                                            center={true}
                                          >
                                            <ForwardRef(TouchRipple)
                                              center={true}
                                              classes={
                                                Object {
                                                  "child": "MuiTouchRipple-child",
                                                  "childLeaving": "MuiTouchRipple-childLeaving",
                                                  "childPulsate": "MuiTouchRipple-childPulsate",
                                                  "ripple": "MuiTouchRipple-ripple",
                                                  "ripplePulsate": "MuiTouchRipple-ripplePulsate",
                                                  "rippleVisible": "MuiTouchRipple-rippleVisible",
                                                  "root": "MuiTouchRipple-root",
                                                }
                                              }
                                            >
                                              <span
                                                className="MuiTouchRipple-root"
                                              >
                                                <TransitionGroup
                                                  childFactory={[Function]}
                                                  component={null}
                                                  exit={true}
                                                />
                                              </span>
                                            </ForwardRef(TouchRipple)>
                                          </WithStyles(undefined)>
                                        </NoSsr>
                                      </button>
                                    </ForwardRef(ButtonBase)>
                                  </WithStyles(ForwardRef(ButtonBase))>
                                </ForwardRef(IconButton)>
                              </WithStyles(ForwardRef(IconButton))>
                            </WithStyles(WithStyles(ForwardRef(IconButton)))>
                            <ForwardRef(Popper)
                              anchorEl={
                                <button
                                  class="MuiButtonBase-root MuiIconButton-root WithStyles(ForwardRef(IconButton))-root-23 MuiIconButton-sizeSmall"
                                  tabindex="0"
                                  title="tooltip"
                                  type="button"
                                >
                                  <span
                                    class="MuiIconButton-label"
                                  >
                                    <svg
                                      role="presentation"
                                      style="width: 1.5rem; height: 1.5rem;"
                                      viewBox="0 0 24 24"
                                    >
                                      <path
                                        d="M12,5L19.6,10.5L16.7,19.4H7.3L4.4,10.5L12,5M12,2.5L2,9.8L5.8,21.5H18.1L22,9.8L12,2.5Z"
                                        style="fill: #656565;"
                                      />
                                    </svg>
                                  </span>
                                  <span
                                    class="MuiTouchRipple-root"
                                  />
                                </button>
                              }
                              className="MuiTooltip-popper"
                              id={null}
                              open={false}
                              placement="bottom"
                              popperOptions={
                                Object {
                                  "modifiers": Object {
                                    "arrow": Object {
                                      "element": null,
                                      "enabled": false,
                                    },
                                  },
                                }
                              }
                              transition={true}
                            />
                          </ForwardRef(Tooltip)>
                        </WithStyles(ForwardRef(Tooltip))>
                      </WithStyles(WithStyles(ForwardRef(Tooltip)))>
                    </Polygon>
                    <Circle
                      addInteraction={[Function]}
                      tooltipTitle="tooltip"
                      type=""
                    >
                      <WithStyles(WithStyles(ForwardRef(Tooltip)))
                        title="tooltip"
                      >
                        <WithStyles(ForwardRef(Tooltip))
                          classes={
                            Object {
                              "tooltip": "WithStyles(ForwardRef(Tooltip))-tooltip-11",
                            }
                          }
                          title="tooltip"
                        >
                          <ForwardRef(Tooltip)
                            classes={
                              Object {
                                "arrow": "MuiTooltip-arrow",
                                "popper": "MuiTooltip-popper",
                                "popperArrow": "MuiTooltip-popperArrow",
                                "popperInteractive": "MuiTooltip-popperInteractive",
                                "tooltip": "MuiTooltip-tooltip WithStyles(ForwardRef(Tooltip))-tooltip-11",
                                "tooltipArrow": "MuiTooltip-tooltipArrow",
                                "tooltipPlacementBottom": "MuiTooltip-tooltipPlacementBottom",
                                "tooltipPlacementLeft": "MuiTooltip-tooltipPlacementLeft",
                                "tooltipPlacementRight": "MuiTooltip-tooltipPlacementRight",
                                "tooltipPlacementTop": "MuiTooltip-tooltipPlacementTop",
                                "touch": "MuiTooltip-touch",
                              }
                            }
                            title="tooltip"
                          >
                            <WithStyles(WithStyles(ForwardRef(IconButton)))
                              aria-describedby={null}
                              className=""
                              onBlur={[Function]}
                              onClick={[Function]}
                              onFocus={[Function]}
                              onMouseLeave={[Function]}
                              onMouseOver={[Function]}
                              onTouchEnd={[Function]}
                              onTouchStart={[Function]}
                              size="small"
                              title="tooltip"
                            >
                              <WithStyles(ForwardRef(IconButton))
                                aria-describedby={null}
                                className=""
                                classes={
                                  Object {
                                    "root": "WithStyles(ForwardRef(IconButton))-root-23",
                                  }
                                }
                                onBlur={[Function]}
                                onClick={[Function]}
                                onFocus={[Function]}
                                onMouseLeave={[Function]}
                                onMouseOver={[Function]}
                                onTouchEnd={[Function]}
                                onTouchStart={[Function]}
                                size="small"
                                title="tooltip"
                              >
                                <ForwardRef(IconButton)
                                  aria-describedby={null}
                                  className=""
                                  classes={
                                    Object {
                                      "colorInherit": "MuiIconButton-colorInherit",
                                      "colorPrimary": "MuiIconButton-colorPrimary",
                                      "colorSecondary": "MuiIconButton-colorSecondary",
                                      "disabled": "Mui-disabled",
                                      "edgeEnd": "MuiIconButton-edgeEnd",
                                      "edgeStart": "MuiIconButton-edgeStart",
                                      "label": "MuiIconButton-label",
                                      "root": "MuiIconButton-root WithStyles(ForwardRef(IconButton))-root-23",
                                      "sizeSmall": "MuiIconButton-sizeSmall",
                                    }
                                  }
                                  onBlur={[Function]}
                                  onClick={[Function]}
                                  onFocus={[Function]}
                                  onMouseLeave={[Function]}
                                  onMouseOver={[Function]}
                                  onTouchEnd={[Function]}
                                  onTouchStart={[Function]}
                                  size="small"
                                  title="tooltip"
                                >
                                  <WithStyles(ForwardRef(ButtonBase))
                                    aria-describedby={null}
                                    centerRipple={true}
                                    className="MuiIconButton-root WithStyles(ForwardRef(IconButton))-root-23 MuiIconButton-sizeSmall"
                                    disabled={false}
                                    focusRipple={true}
                                    onBlur={[Function]}
                                    onClick={[Function]}
                                    onFocus={[Function]}
                                    onMouseLeave={[Function]}
                                    onMouseOver={[Function]}
                                    onTouchEnd={[Function]}
                                    onTouchStart={[Function]}
                                    title="tooltip"
                                  >
                                    <ForwardRef(ButtonBase)
                                      aria-describedby={null}
                                      centerRipple={true}
                                      className="MuiIconButton-root WithStyles(ForwardRef(IconButton))-root-23 MuiIconButton-sizeSmall"
                                      classes={
                                        Object {
                                          "disabled": "Mui-disabled",
                                          "focusVisible": "Mui-focusVisible",
                                          "root": "MuiButtonBase-root",
                                        }
                                      }
                                      disabled={false}
                                      focusRipple={true}
                                      onBlur={[Function]}
                                      onClick={[Function]}
                                      onFocus={[Function]}
                                      onMouseLeave={[Function]}
                                      onMouseOver={[Function]}
                                      onTouchEnd={[Function]}
                                      onTouchStart={[Function]}
                                      title="tooltip"
                                    >
                                      <button
                                        aria-describedby={null}
                                        className="MuiButtonBase-root MuiIconButton-root WithStyles(ForwardRef(IconButton))-root-23 MuiIconButton-sizeSmall"
                                        disabled={false}
                                        onBlur={[Function]}
                                        onClick={[Function]}
                                        onDragLeave={[Function]}
                                        onFocus={[Function]}
                                        onKeyDown={[Function]}
                                        onKeyUp={[Function]}
                                        onMouseDown={[Function]}
                                        onMouseLeave={[Function]}
                                        onMouseOver={[Function]}
                                        onMouseUp={[Function]}
                                        onTouchEnd={[Function]}
                                        onTouchMove={[Function]}
                                        onTouchStart={[Function]}
                                        tabIndex={0}
                                        title="tooltip"
                                        type="button"
                                      >
                                        <span
                                          className="MuiIconButton-label"
                                        >
                                          <Icon
                                            color="#656565"
                                            horizontal={false}
                                            path="M12,20A8,8 0 0,1 4,12A8,8 0 0,1 12,4A8,8 0 0,1 20,12A8,8 0 0,1 12,20M12,2A10,10 0 0,0 2,12A10,10 0 0,0 12,22A10,10 0 0,0 22,12A10,10 0 0,0 12,2Z"
                                            rotate={0}
                                            size={1}
                                            spin={false}
                                            vertical={false}
                                          >
                                            <svg
                                              role="presentation"
                                              style={
                                                Object {
                                                  "height": "1.5rem",
                                                  "width": "1.5rem",
                                                }
                                              }
                                              viewBox="0 0 24 24"
                                            >
                                              <path
                                                d="M12,20A8,8 0 0,1 4,12A8,8 0 0,1 12,4A8,8 0 0,1 20,12A8,8 0 0,1 12,20M12,2A10,10 0 0,0 2,12A10,10 0 0,0 12,22A10,10 0 0,0 22,12A10,10 0 0,0 12,2Z"
                                                style={
                                                  Object {
                                                    "fill": "#656565",
                                                  }
                                                }
                                              />
                                            </svg>
                                          </Icon>
                                        </span>
                                        <NoSsr>
                                          <WithStyles(undefined)
                                            center={true}
                                          >
                                            <ForwardRef(TouchRipple)
                                              center={true}
                                              classes={
                                                Object {
                                                  "child": "MuiTouchRipple-child",
                                                  "childLeaving": "MuiTouchRipple-childLeaving",
                                                  "childPulsate": "MuiTouchRipple-childPulsate",
                                                  "ripple": "MuiTouchRipple-ripple",
                                                  "ripplePulsate": "MuiTouchRipple-ripplePulsate",
                                                  "rippleVisible": "MuiTouchRipple-rippleVisible",
                                                  "root": "MuiTouchRipple-root",
                                                }
                                              }
                                            >
                                              <span
                                                className="MuiTouchRipple-root"
                                              >
                                                <TransitionGroup
                                                  childFactory={[Function]}
                                                  component={null}
                                                  exit={true}
                                                />
                                              </span>
                                            </ForwardRef(TouchRipple)>
                                          </WithStyles(undefined)>
                                        </NoSsr>
                                      </button>
                                    </ForwardRef(ButtonBase)>
                                  </WithStyles(ForwardRef(ButtonBase))>
                                </ForwardRef(IconButton)>
                              </WithStyles(ForwardRef(IconButton))>
                            </WithStyles(WithStyles(ForwardRef(IconButton)))>
                            <ForwardRef(Popper)
                              anchorEl={
                                <button
                                  class="MuiButtonBase-root MuiIconButton-root WithStyles(ForwardRef(IconButton))-root-23 MuiIconButton-sizeSmall"
                                  tabindex="0"
                                  title="tooltip"
                                  type="button"
                                >
                                  <span
                                    class="MuiIconButton-label"
                                  >
                                    <svg
                                      role="presentation"
                                      style="width: 1.5rem; height: 1.5rem;"
                                      viewBox="0 0 24 24"
                                    >
                                      <path
                                        d="M12,20A8,8 0 0,1 4,12A8,8 0 0,1 12,4A8,8 0 0,1 20,12A8,8 0 0,1 12,20M12,2A10,10 0 0,0 2,12A10,10 0 0,0 12,22A10,10 0 0,0 22,12A10,10 0 0,0 12,2Z"
                                        style="fill: #656565;"
                                      />
                                    </svg>
                                  </span>
                                  <span
                                    class="MuiTouchRipple-root"
                                  />
                                </button>
                              }
                              className="MuiTooltip-popper"
                              id={null}
                              open={false}
                              placement="bottom"
                              popperOptions={
                                Object {
                                  "modifiers": Object {
                                    "arrow": Object {
                                      "element": null,
                                      "enabled": false,
                                    },
                                  },
                                }
                              }
                              transition={true}
                            />
                          </ForwardRef(Tooltip)>
                        </WithStyles(ForwardRef(Tooltip))>
                      </WithStyles(WithStyles(ForwardRef(Tooltip)))>
                    </Circle>
                    <Box
                      addInteraction={[Function]}
                      geometryFunction={[Function]}
                      tooltipTitle="tooltip"
                      type=""
                    >
                      <WithStyles(WithStyles(ForwardRef(Tooltip)))
                        title="tooltip"
                      >
                        <WithStyles(ForwardRef(Tooltip))
                          classes={
                            Object {
                              "tooltip": "WithStyles(ForwardRef(Tooltip))-tooltip-11",
                            }
                          }
                          title="tooltip"
                        >
                          <ForwardRef(Tooltip)
                            classes={
                              Object {
                                "arrow": "MuiTooltip-arrow",
                                "popper": "MuiTooltip-popper",
                                "popperArrow": "MuiTooltip-popperArrow",
                                "popperInteractive": "MuiTooltip-popperInteractive",
                                "tooltip": "MuiTooltip-tooltip WithStyles(ForwardRef(Tooltip))-tooltip-11",
                                "tooltipArrow": "MuiTooltip-tooltipArrow",
                                "tooltipPlacementBottom": "MuiTooltip-tooltipPlacementBottom",
                                "tooltipPlacementLeft": "MuiTooltip-tooltipPlacementLeft",
                                "tooltipPlacementRight": "MuiTooltip-tooltipPlacementRight",
                                "tooltipPlacementTop": "MuiTooltip-tooltipPlacementTop",
                                "touch": "MuiTooltip-touch",
                              }
                            }
                            title="tooltip"
                          >
                            <WithStyles(WithStyles(ForwardRef(IconButton)))
                              aria-describedby={null}
                              className=""
                              onBlur={[Function]}
                              onClick={[Function]}
                              onFocus={[Function]}
                              onMouseLeave={[Function]}
                              onMouseOver={[Function]}
                              onTouchEnd={[Function]}
                              onTouchStart={[Function]}
                              size="small"
                              title="tooltip"
                            >
                              <WithStyles(ForwardRef(IconButton))
                                aria-describedby={null}
                                className=""
                                classes={
                                  Object {
                                    "root": "WithStyles(ForwardRef(IconButton))-root-23",
                                  }
                                }
                                onBlur={[Function]}
                                onClick={[Function]}
                                onFocus={[Function]}
                                onMouseLeave={[Function]}
                                onMouseOver={[Function]}
                                onTouchEnd={[Function]}
                                onTouchStart={[Function]}
                                size="small"
                                title="tooltip"
                              >
                                <ForwardRef(IconButton)
                                  aria-describedby={null}
                                  className=""
                                  classes={
                                    Object {
                                      "colorInherit": "MuiIconButton-colorInherit",
                                      "colorPrimary": "MuiIconButton-colorPrimary",
                                      "colorSecondary": "MuiIconButton-colorSecondary",
                                      "disabled": "Mui-disabled",
                                      "edgeEnd": "MuiIconButton-edgeEnd",
                                      "edgeStart": "MuiIconButton-edgeStart",
                                      "label": "MuiIconButton-label",
                                      "root": "MuiIconButton-root WithStyles(ForwardRef(IconButton))-root-23",
                                      "sizeSmall": "MuiIconButton-sizeSmall",
                                    }
                                  }
                                  onBlur={[Function]}
                                  onClick={[Function]}
                                  onFocus={[Function]}
                                  onMouseLeave={[Function]}
                                  onMouseOver={[Function]}
                                  onTouchEnd={[Function]}
                                  onTouchStart={[Function]}
                                  size="small"
                                  title="tooltip"
                                >
                                  <WithStyles(ForwardRef(ButtonBase))
                                    aria-describedby={null}
                                    centerRipple={true}
                                    className="MuiIconButton-root WithStyles(ForwardRef(IconButton))-root-23 MuiIconButton-sizeSmall"
                                    disabled={false}
                                    focusRipple={true}
                                    onBlur={[Function]}
                                    onClick={[Function]}
                                    onFocus={[Function]}
                                    onMouseLeave={[Function]}
                                    onMouseOver={[Function]}
                                    onTouchEnd={[Function]}
                                    onTouchStart={[Function]}
                                    title="tooltip"
                                  >
                                    <ForwardRef(ButtonBase)
                                      aria-describedby={null}
                                      centerRipple={true}
                                      className="MuiIconButton-root WithStyles(ForwardRef(IconButton))-root-23 MuiIconButton-sizeSmall"
                                      classes={
                                        Object {
                                          "disabled": "Mui-disabled",
                                          "focusVisible": "Mui-focusVisible",
                                          "root": "MuiButtonBase-root",
                                        }
                                      }
                                      disabled={false}
                                      focusRipple={true}
                                      onBlur={[Function]}
                                      onClick={[Function]}
                                      onFocus={[Function]}
                                      onMouseLeave={[Function]}
                                      onMouseOver={[Function]}
                                      onTouchEnd={[Function]}
                                      onTouchStart={[Function]}
                                      title="tooltip"
                                    >
                                      <button
                                        aria-describedby={null}
                                        className="MuiButtonBase-root MuiIconButton-root WithStyles(ForwardRef(IconButton))-root-23 MuiIconButton-sizeSmall"
                                        disabled={false}
                                        onBlur={[Function]}
                                        onClick={[Function]}
                                        onDragLeave={[Function]}
                                        onFocus={[Function]}
                                        onKeyDown={[Function]}
                                        onKeyUp={[Function]}
                                        onMouseDown={[Function]}
                                        onMouseLeave={[Function]}
                                        onMouseOver={[Function]}
                                        onMouseUp={[Function]}
                                        onTouchEnd={[Function]}
                                        onTouchMove={[Function]}
                                        onTouchStart={[Function]}
                                        tabIndex={0}
                                        title="tooltip"
                                        type="button"
                                      >
                                        <span
                                          className="MuiIconButton-label"
                                        >
                                          <Icon
                                            color="#656565"
                                            horizontal={false}
                                            path="M3,3H21V21H3V3M5,5V19H19V5H5Z"
                                            rotate={0}
                                            size={1}
                                            spin={false}
                                            vertical={false}
                                          >
                                            <svg
                                              role="presentation"
                                              style={
                                                Object {
                                                  "height": "1.5rem",
                                                  "width": "1.5rem",
                                                }
                                              }
                                              viewBox="0 0 24 24"
                                            >
                                              <path
                                                d="M3,3H21V21H3V3M5,5V19H19V5H5Z"
                                                style={
                                                  Object {
                                                    "fill": "#656565",
                                                  }
                                                }
                                              />
                                            </svg>
                                          </Icon>
                                        </span>
                                        <NoSsr>
                                          <WithStyles(undefined)
                                            center={true}
                                          >
                                            <ForwardRef(TouchRipple)
                                              center={true}
                                              classes={
                                                Object {
                                                  "child": "MuiTouchRipple-child",
                                                  "childLeaving": "MuiTouchRipple-childLeaving",
                                                  "childPulsate": "MuiTouchRipple-childPulsate",
                                                  "ripple": "MuiTouchRipple-ripple",
                                                  "ripplePulsate": "MuiTouchRipple-ripplePulsate",
                                                  "rippleVisible": "MuiTouchRipple-rippleVisible",
                                                  "root": "MuiTouchRipple-root",
                                                }
                                              }
                                            >
                                              <span
                                                className="MuiTouchRipple-root"
                                              >
                                                <TransitionGroup
                                                  childFactory={[Function]}
                                                  component={null}
                                                  exit={true}
                                                />
                                              </span>
                                            </ForwardRef(TouchRipple)>
                                          </WithStyles(undefined)>
                                        </NoSsr>
                                      </button>
                                    </ForwardRef(ButtonBase)>
                                  </WithStyles(ForwardRef(ButtonBase))>
                                </ForwardRef(IconButton)>
                              </WithStyles(ForwardRef(IconButton))>
                            </WithStyles(WithStyles(ForwardRef(IconButton)))>
                            <ForwardRef(Popper)
                              anchorEl={
                                <button
                                  class="MuiButtonBase-root MuiIconButton-root WithStyles(ForwardRef(IconButton))-root-23 MuiIconButton-sizeSmall"
                                  tabindex="0"
                                  title="tooltip"
                                  type="button"
                                >
                                  <span
                                    class="MuiIconButton-label"
                                  >
                                    <svg
                                      role="presentation"
                                      style="width: 1.5rem; height: 1.5rem;"
                                      viewBox="0 0 24 24"
                                    >
                                      <path
                                        d="M3,3H21V21H3V3M5,5V19H19V5H5Z"
                                        style="fill: #656565;"
                                      />
                                    </svg>
                                  </span>
                                  <span
                                    class="MuiTouchRipple-root"
                                  />
                                </button>
                              }
                              className="MuiTooltip-popper"
                              id={null}
                              open={false}
                              placement="bottom"
                              popperOptions={
                                Object {
                                  "modifiers": Object {
                                    "arrow": Object {
                                      "element": null,
                                      "enabled": false,
                                    },
                                  },
                                }
                              }
                              transition={true}
                            />
                          </ForwardRef(Tooltip)>
                        </WithStyles(ForwardRef(Tooltip))>
                      </WithStyles(WithStyles(ForwardRef(Tooltip)))>
                    </Box>
                    <Freehand
                      addInteraction={[Function]}
                      freehand={false}
                      tooltipTitle="tooltip"
                      type=""
                    >
                      <WithStyles(WithStyles(ForwardRef(Tooltip)))
                        title="tooltip"
                      >
                        <WithStyles(ForwardRef(Tooltip))
                          classes={
                            Object {
                              "tooltip": "WithStyles(ForwardRef(Tooltip))-tooltip-11",
                            }
                          }
                          title="tooltip"
                        >
                          <ForwardRef(Tooltip)
                            classes={
                              Object {
                                "arrow": "MuiTooltip-arrow",
                                "popper": "MuiTooltip-popper",
                                "popperArrow": "MuiTooltip-popperArrow",
                                "popperInteractive": "MuiTooltip-popperInteractive",
                                "tooltip": "MuiTooltip-tooltip WithStyles(ForwardRef(Tooltip))-tooltip-11",
                                "tooltipArrow": "MuiTooltip-tooltipArrow",
                                "tooltipPlacementBottom": "MuiTooltip-tooltipPlacementBottom",
                                "tooltipPlacementLeft": "MuiTooltip-tooltipPlacementLeft",
                                "tooltipPlacementRight": "MuiTooltip-tooltipPlacementRight",
                                "tooltipPlacementTop": "MuiTooltip-tooltipPlacementTop",
                                "touch": "MuiTooltip-touch",
                              }
                            }
                            title="tooltip"
                          >
                            <WithStyles(WithStyles(ForwardRef(IconButton)))
                              aria-describedby={null}
                              className=""
                              onBlur={[Function]}
                              onClick={[Function]}
                              onFocus={[Function]}
                              onMouseLeave={[Function]}
                              onMouseOver={[Function]}
                              onTouchEnd={[Function]}
                              onTouchStart={[Function]}
                              size="small"
                              title="tooltip"
                            >
                              <WithStyles(ForwardRef(IconButton))
                                aria-describedby={null}
                                className=""
                                classes={
                                  Object {
                                    "root": "WithStyles(ForwardRef(IconButton))-root-23",
                                  }
                                }
                                onBlur={[Function]}
                                onClick={[Function]}
                                onFocus={[Function]}
                                onMouseLeave={[Function]}
                                onMouseOver={[Function]}
                                onTouchEnd={[Function]}
                                onTouchStart={[Function]}
                                size="small"
                                title="tooltip"
                              >
                                <ForwardRef(IconButton)
                                  aria-describedby={null}
                                  className=""
                                  classes={
                                    Object {
                                      "colorInherit": "MuiIconButton-colorInherit",
                                      "colorPrimary": "MuiIconButton-colorPrimary",
                                      "colorSecondary": "MuiIconButton-colorSecondary",
                                      "disabled": "Mui-disabled",
                                      "edgeEnd": "MuiIconButton-edgeEnd",
                                      "edgeStart": "MuiIconButton-edgeStart",
                                      "label": "MuiIconButton-label",
                                      "root": "MuiIconButton-root WithStyles(ForwardRef(IconButton))-root-23",
                                      "sizeSmall": "MuiIconButton-sizeSmall",
                                    }
                                  }
                                  onBlur={[Function]}
                                  onClick={[Function]}
                                  onFocus={[Function]}
                                  onMouseLeave={[Function]}
                                  onMouseOver={[Function]}
                                  onTouchEnd={[Function]}
                                  onTouchStart={[Function]}
                                  size="small"
                                  title="tooltip"
                                >
                                  <WithStyles(ForwardRef(ButtonBase))
                                    aria-describedby={null}
                                    centerRipple={true}
                                    className="MuiIconButton-root WithStyles(ForwardRef(IconButton))-root-23 MuiIconButton-sizeSmall"
                                    disabled={false}
                                    focusRipple={true}
                                    onBlur={[Function]}
                                    onClick={[Function]}
                                    onFocus={[Function]}
                                    onMouseLeave={[Function]}
                                    onMouseOver={[Function]}
                                    onTouchEnd={[Function]}
                                    onTouchStart={[Function]}
                                    title="tooltip"
                                  >
                                    <ForwardRef(ButtonBase)
                                      aria-describedby={null}
                                      centerRipple={true}
                                      className="MuiIconButton-root WithStyles(ForwardRef(IconButton))-root-23 MuiIconButton-sizeSmall"
                                      classes={
                                        Object {
                                          "disabled": "Mui-disabled",
                                          "focusVisible": "Mui-focusVisible",
                                          "root": "MuiButtonBase-root",
                                        }
                                      }
                                      disabled={false}
                                      focusRipple={true}
                                      onBlur={[Function]}
                                      onClick={[Function]}
                                      onFocus={[Function]}
                                      onMouseLeave={[Function]}
                                      onMouseOver={[Function]}
                                      onTouchEnd={[Function]}
                                      onTouchStart={[Function]}
                                      title="tooltip"
                                    >
                                      <button
                                        aria-describedby={null}
                                        className="MuiButtonBase-root MuiIconButton-root WithStyles(ForwardRef(IconButton))-root-23 MuiIconButton-sizeSmall"
                                        disabled={false}
                                        onBlur={[Function]}
                                        onClick={[Function]}
                                        onDragLeave={[Function]}
                                        onFocus={[Function]}
                                        onKeyDown={[Function]}
                                        onKeyUp={[Function]}
                                        onMouseDown={[Function]}
                                        onMouseLeave={[Function]}
                                        onMouseOver={[Function]}
                                        onMouseUp={[Function]}
                                        onTouchEnd={[Function]}
                                        onTouchMove={[Function]}
                                        onTouchStart={[Function]}
                                        tabIndex={0}
                                        title="tooltip"
                                        type="button"
                                      >
                                        <span
                                          className="MuiIconButton-label"
                                        >
                                          <Icon
                                            color="#656565"
                                            horizontal={false}
                                            path="M4.59,6.89C5.29,6.18 6,5.54 6.3,5.67C6.8,5.87 6.3,6.7 6,7.19C5.75,7.61 3.14,11.08 3.14,13.5C3.14,14.78 3.62,15.84 4.5,16.5C5.23,17.04 6.22,17.21 7.12,16.94C8.19,16.63 9.07,15.54 10.18,14.17C11.39,12.68 13,10.73 14.26,10.73C15.89,10.73 15.91,11.74 16,12.5C12.24,13.16 10.64,16.19 10.64,17.89C10.64,19.59 12.08,21 13.85,21C15.5,21 18.14,19.65 18.54,14.88H21V12.38H18.53C18.38,10.73 17.44,8.18 14.5,8.18C12.25,8.18 10.32,10.09 9.56,11C9,11.75 7.5,13.5 7.27,13.74C7,14.04 6.59,14.58 6.16,14.58C5.71,14.58 5.44,13.75 5.8,12.66C6.15,11.57 7.2,9.8 7.65,9.14C8.43,8 8.95,7.22 8.95,5.86C8.95,3.69 7.31,3 6.44,3C5.12,3 3.97,4 3.72,4.25C3.36,4.61 3.06,4.91 2.84,5.18L4.59,6.89M13.88,18.55C13.57,18.55 13.14,18.29 13.14,17.83C13.14,17.23 13.87,15.63 16,15.07C15.71,17.76 14.58,18.55 13.88,18.55Z"
                                            rotate={0}
                                            size={1}
                                            spin={false}
                                            vertical={false}
                                          >
                                            <svg
                                              role="presentation"
                                              style={
                                                Object {
                                                  "height": "1.5rem",
                                                  "width": "1.5rem",
                                                }
                                              }
                                              viewBox="0 0 24 24"
                                            >
                                              <path
                                                d="M4.59,6.89C5.29,6.18 6,5.54 6.3,5.67C6.8,5.87 6.3,6.7 6,7.19C5.75,7.61 3.14,11.08 3.14,13.5C3.14,14.78 3.62,15.84 4.5,16.5C5.23,17.04 6.22,17.21 7.12,16.94C8.19,16.63 9.07,15.54 10.18,14.17C11.39,12.68 13,10.73 14.26,10.73C15.89,10.73 15.91,11.74 16,12.5C12.24,13.16 10.64,16.19 10.64,17.89C10.64,19.59 12.08,21 13.85,21C15.5,21 18.14,19.65 18.54,14.88H21V12.38H18.53C18.38,10.73 17.44,8.18 14.5,8.18C12.25,8.18 10.32,10.09 9.56,11C9,11.75 7.5,13.5 7.27,13.74C7,14.04 6.59,14.58 6.16,14.58C5.71,14.58 5.44,13.75 5.8,12.66C6.15,11.57 7.2,9.8 7.65,9.14C8.43,8 8.95,7.22 8.95,5.86C8.95,3.69 7.31,3 6.44,3C5.12,3 3.97,4 3.72,4.25C3.36,4.61 3.06,4.91 2.84,5.18L4.59,6.89M13.88,18.55C13.57,18.55 13.14,18.29 13.14,17.83C13.14,17.23 13.87,15.63 16,15.07C15.71,17.76 14.58,18.55 13.88,18.55Z"
                                                style={
                                                  Object {
                                                    "fill": "#656565",
                                                  }
                                                }
                                              />
                                            </svg>
                                          </Icon>
                                        </span>
                                        <NoSsr>
                                          <WithStyles(undefined)
                                            center={true}
                                          >
                                            <ForwardRef(TouchRipple)
                                              center={true}
                                              classes={
                                                Object {
                                                  "child": "MuiTouchRipple-child",
                                                  "childLeaving": "MuiTouchRipple-childLeaving",
                                                  "childPulsate": "MuiTouchRipple-childPulsate",
                                                  "ripple": "MuiTouchRipple-ripple",
                                                  "ripplePulsate": "MuiTouchRipple-ripplePulsate",
                                                  "rippleVisible": "MuiTouchRipple-rippleVisible",
                                                  "root": "MuiTouchRipple-root",
                                                }
                                              }
                                            >
                                              <span
                                                className="MuiTouchRipple-root"
                                              >
                                                <TransitionGroup
                                                  childFactory={[Function]}
                                                  component={null}
                                                  exit={true}
                                                />
                                              </span>
                                            </ForwardRef(TouchRipple)>
                                          </WithStyles(undefined)>
                                        </NoSsr>
                                      </button>
                                    </ForwardRef(ButtonBase)>
                                  </WithStyles(ForwardRef(ButtonBase))>
                                </ForwardRef(IconButton)>
                              </WithStyles(ForwardRef(IconButton))>
                            </WithStyles(WithStyles(ForwardRef(IconButton)))>
                            <ForwardRef(Popper)
                              anchorEl={
                                <button
                                  class="MuiButtonBase-root MuiIconButton-root WithStyles(ForwardRef(IconButton))-root-23 MuiIconButton-sizeSmall"
                                  tabindex="0"
                                  title="tooltip"
                                  type="button"
                                >
                                  <span
                                    class="MuiIconButton-label"
                                  >
                                    <svg
                                      role="presentation"
                                      style="width: 1.5rem; height: 1.5rem;"
                                      viewBox="0 0 24 24"
                                    >
                                      <path
                                        d="M4.59,6.89C5.29,6.18 6,5.54 6.3,5.67C6.8,5.87 6.3,6.7 6,7.19C5.75,7.61 3.14,11.08 3.14,13.5C3.14,14.78 3.62,15.84 4.5,16.5C5.23,17.04 6.22,17.21 7.12,16.94C8.19,16.63 9.07,15.54 10.18,14.17C11.39,12.68 13,10.73 14.26,10.73C15.89,10.73 15.91,11.74 16,12.5C12.24,13.16 10.64,16.19 10.64,17.89C10.64,19.59 12.08,21 13.85,21C15.5,21 18.14,19.65 18.54,14.88H21V12.38H18.53C18.38,10.73 17.44,8.18 14.5,8.18C12.25,8.18 10.32,10.09 9.56,11C9,11.75 7.5,13.5 7.27,13.74C7,14.04 6.59,14.58 6.16,14.58C5.71,14.58 5.44,13.75 5.8,12.66C6.15,11.57 7.2,9.8 7.65,9.14C8.43,8 8.95,7.22 8.95,5.86C8.95,3.69 7.31,3 6.44,3C5.12,3 3.97,4 3.72,4.25C3.36,4.61 3.06,4.91 2.84,5.18L4.59,6.89M13.88,18.55C13.57,18.55 13.14,18.29 13.14,17.83C13.14,17.23 13.87,15.63 16,15.07C15.71,17.76 14.58,18.55 13.88,18.55Z"
                                        style="fill: #656565;"
                                      />
                                    </svg>
                                  </span>
                                  <span
                                    class="MuiTouchRipple-root"
                                  />
                                </button>
                              }
                              className="MuiTooltip-popper"
                              id={null}
                              open={false}
                              placement="bottom"
                              popperOptions={
                                Object {
                                  "modifiers": Object {
                                    "arrow": Object {
                                      "element": null,
                                      "enabled": false,
                                    },
                                  },
                                }
                              }
                              transition={true}
                            />
                          </ForwardRef(Tooltip)>
                        </WithStyles(ForwardRef(Tooltip))>
                      </WithStyles(WithStyles(ForwardRef(Tooltip)))>
                    </Freehand>
                  </div>
                </ForwardRef(Container)>
              </WithStyles(ForwardRef(Container))>
            </WithStyles(WithStyles(ForwardRef(Container)))>
          </div>
        </ForwardRef(Container)>
      </WithStyles(ForwardRef(Container))>
    </WithStyles(WithStyles(ForwardRef(Container)))>
  </Draw>
</Component>
`;
